// Jest Snapshot v1, https://goo.gl/fbAQLP

exports[`Home Page Rendering should render properly 1`] = `
<DocumentFragment>
  .emotion-0 {
  margin-top: 4rem;
  display: -webkit-box;
  display: -webkit-flex;
  display: -ms-flexbox;
  display: flex;
  -webkit-box-pack: justify;
  -webkit-justify-content: space-between;
  justify-content: space-between;
  -webkit-align-items: center;
  -webkit-box-align: center;
  -ms-flex-align: center;
  align-items: center;
}

.emotion-2 {
  display: -webkit-box;
  display: -webkit-flex;
  display: -ms-flexbox;
  display: flex;
  -webkit-box-pack: justify;
  -webkit-justify-content: space-between;
  justify-content: space-between;
  -webkit-align-items: flex-end;
  -webkit-box-align: flex-end;
  -ms-flex-align: flex-end;
  align-items: flex-end;
}

.emotion-4 {
  margin-right: 0.8rem;
  font-weight: 500;
  font-size: 2.6rem;
  line-height: 3.1rem;
}

.emotion-6 {
  font-weight: 500;
  font-size: 1.3rem;
  line-height: 2.1rem;
  color: ;
}

.emotion-8 {
  position: relative;
  width: 18rem;
  height: 4.5rem;
  padding: 0;
  font-weight: 500;
  font-size: 1.6rem;
  line-height: 1.9rem;
  border-radius: 5rem;
  -webkit-appearance: none;
  -moz-appearance: none;
  -ms-appearance: none;
  appearance: none;
  outline: none;
  -webkit-transition: 0.2s -webkit-transform linear,0.2s opacity linear;
  transition: 0.2s transform linear,0.2s opacity linear;
  box-shadow: 0 .6rem 1.2rem rgba(255,255,255,0.3);
  border: .2rem solid rgba(255,255,255,0.3);
  color: ;
  background-color: ;
}

.emotion-8:hover {
  -webkit-transform: translateY(0.2rem);
  -moz-transform: translateY(0.2rem);
  -ms-transform: translateY(0.2rem);
  transform: translateY(0.2rem);
  opacity: 0.85;
}

<section
    class="emotion-0 emotion-1"
  >
    <div
      class="emotion-2 emotion-3"
    >
      <h1
        class="emotion-4 emotion-5"
      >
        People
      </h1>
      <span
        class="emotion-6 emotion-7"
      >
        20 employees
      </span>
    </div>
    <button
      class="emotion-8 emotion-9"
      type="submit"
    >
      Add employee
    </button>
  </section>
  .emotion-0 {
  border: none;
  border-collapse: separate;
  width: 100%;
  margin-top: 5.6rem;
  text-align: left;
  border-spacing: 0 1rem;
}

.emotion-0 tbody>tr {
  height: 11rem;
  box-shadow: 0.6rem 0.6rem 5.4rem rgba(0, 0, 0, 0.05);
}

.emotion-0 th,
.emotion-0 td {
  border: 0;
  padding-left: 2.6rem;
}

.emotion-0 td {
  background-color: ;
}

.emotion-0 td:first-of-type {
  border-top-left-radius: 1rem;
  border-bottom-left-radius: 1rem;
}

.emotion-0 td:last-of-type {
  padding-right: 2.6rem;
  border-top-right-radius: 1rem;
  border-bottom-right-radius: 1rem;
}

.emotion-2 th {
  font-weight: 600;
  font-size: 1.2rem;
  line-height: 2rem;
  text-transform: uppercase;
  color: ;
}

.emotion-4 {
  font-size: 1.6rem;
  line-height: 2.6rem;
  color: ;
}

.emotion-6 {
  margin-bottom: 0.4rem;
  font-weight: 600;
  font-size: 1.8rem;
  line-height: 2.2rem;
  color: ;
}

.emotion-8 {
  font-size: 1.4rem;
  line-height: 2.2rem;
  color: ;
}

.emotion-10 span {
  font-size: 1.3rem;
  line-height: 1.8rem;
  margin-left: 0.4rem;
  color: ;
}

.emotion-12 {
  text-align: right;
}

.emotion-15 {
  position: relative;
  width: 18rem;
  height: 4.5rem;
  padding: 0;
  font-weight: 500;
  font-size: 1.6rem;
  line-height: 1.9rem;
  border-radius: 5rem;
  -webkit-appearance: none;
  -moz-appearance: none;
  -ms-appearance: none;
  appearance: none;
  outline: none;
  -webkit-transition: 0.2s -webkit-transform linear,0.2s opacity linear;
  transition: 0.2s transform linear,0.2s opacity linear;
  box-shadow: 0 .6rem 1.2rem rgba(255,255,255,0.3);
  border: .2rem solid rgba(255,255,255,0.3);
  color: ;
  background-color: ;
  width: 14.5rem;
  height: 4rem;
  background-color: ;
}

.emotion-15:hover {
  -webkit-transform: translateY(0.2rem);
  -moz-transform: translateY(0.2rem);
  -ms-transform: translateY(0.2rem);
  transform: translateY(0.2rem);
  opacity: 0.85;
}

<table
    class="emotion-0 emotion-1"
  >
    <thead
      class="emotion-2 emotion-3"
    >
      <tr>
        <th>
          Employee
        </th>
        <th>
          Job Title
        </th>
        <th>
          Country
        </th>
        <th
          colspan="2"
        >
          Salary
        </th>
      </tr>
    </thead>
    <tbody>
      <tr
        class="emotion-4 emotion-5"
      >
        <td>
          <p
            class="emotion-6 emotion-7"
          >
            Justin Colvill
          </p>
          <span
            class="emotion-8 emotion-9"
          >
            03/11/1938
          </span>
        </td>
        <td>
          Sales Representative
        </td>
        <td>
          Greece
        </td>
        <td
          class="emotion-10 emotion-11"
        >
          €2181,66 
          <span>
            per month
          </span>
        </td>
        <td
          class="emotion-12 emotion-13"
        >
          <button
            class="emotion-14 emotion-15 emotion-16"
            type="button"
          >
            Edit
          </button>
        </td>
      </tr>
      <tr
        class="emotion-4 emotion-5"
      >
        <td>
          <p
            class="emotion-6 emotion-7"
          >
            Ranique Bern
          </p>
          <span
            class="emotion-8 emotion-9"
          >
            07/10/1941
          </span>
        </td>
        <td>
          Geological Engineer
        </td>
        <td>
          China
        </td>
        <td
          class="emotion-10 emotion-11"
        >
          €1686,04 
          <span>
            per month
          </span>
        </td>
        <td
          class="emotion-12 emotion-13"
        >
          <button
            class="emotion-14 emotion-15 emotion-16"
            type="button"
          >
            Edit
          </button>
        </td>
      </tr>
      <tr
        class="emotion-4 emotion-5"
      >
        <td>
          <p
            class="emotion-6 emotion-7"
          >
            Vonnie Allix
          </p>
          <span
            class="emotion-8 emotion-9"
          >
            07/06/1925
          </span>
        </td>
        <td>
          Senior Editor
        </td>
        <td>
          Indonesia
        </td>
        <td
          class="emotion-10 emotion-11"
        >
          €1024,96 
          <span>
            per month
          </span>
        </td>
        <td
          class="emotion-12 emotion-13"
        >
          <button
            class="emotion-14 emotion-15 emotion-16"
            type="button"
          >
            Edit
          </button>
        </td>
      </tr>
      <tr
        class="emotion-4 emotion-5"
      >
        <td>
          <p
            class="emotion-6 emotion-7"
          >
            Abagael Thames
          </p>
          <span
            class="emotion-8 emotion-9"
          >
            19/04/1928
          </span>
        </td>
        <td>
          Quality Control Specialist
        </td>
        <td>
          China
        </td>
        <td
          class="emotion-10 emotion-11"
        >
          €1452,00 
          <span>
            per month
          </span>
        </td>
        <td
          class="emotion-12 emotion-13"
        >
          <button
            class="emotion-14 emotion-15 emotion-16"
            type="button"
          >
            Edit
          </button>
        </td>
      </tr>
      <tr
        class="emotion-4 emotion-5"
      >
        <td>
          <p
            class="emotion-6 emotion-7"
          >
            Berkeley Hurdwell
          </p>
          <span
            class="emotion-8 emotion-9"
          >
            07/03/1924
          </span>
        </td>
        <td>
          Environmental Specialist
        </td>
        <td>
          Indonesia
        </td>
        <td
          class="emotion-10 emotion-11"
        >
          €2208,47 
          <span>
            per month
          </span>
        </td>
        <td
          class="emotion-12 emotion-13"
        >
          <button
            class="emotion-14 emotion-15 emotion-16"
            type="button"
          >
            Edit
          </button>
        </td>
      </tr>
      <tr
        class="emotion-4 emotion-5"
      >
        <td>
          <p
            class="emotion-6 emotion-7"
          >
            Osborne Sutherby
          </p>
          <span
            class="emotion-8 emotion-9"
          >
            17/01/1921
          </span>
        </td>
        <td>
          Nurse Practicioner
        </td>
        <td>
          France
        </td>
        <td
          class="emotion-10 emotion-11"
        >
          €4058,49 
          <span>
            per month
          </span>
        </td>
        <td
          class="emotion-12 emotion-13"
        >
          <button
            class="emotion-14 emotion-15 emotion-16"
            type="button"
          >
            Edit
          </button>
        </td>
      </tr>
      <tr
        class="emotion-4 emotion-5"
      >
        <td>
          <p
            class="emotion-6 emotion-7"
          >
            Adelina Dymott
          </p>
          <span
            class="emotion-8 emotion-9"
          >
            17/06/1922
          </span>
        </td>
        <td>
          Web Developer I
        </td>
        <td>
          Serbia
        </td>
        <td
          class="emotion-10 emotion-11"
        >
          €4576,20 
          <span>
            per month
          </span>
        </td>
        <td
          class="emotion-12 emotion-13"
        >
          <button
            class="emotion-14 emotion-15 emotion-16"
            type="button"
          >
            Edit
          </button>
        </td>
      </tr>
      <tr
        class="emotion-4 emotion-5"
      >
        <td>
          <p
            class="emotion-6 emotion-7"
          >
            Almeta Hazeley
          </p>
          <span
            class="emotion-8 emotion-9"
          >
            16/05/1941
          </span>
        </td>
        <td>
          Desktop Support Technician
        </td>
        <td>
          Indonesia
        </td>
        <td
          class="emotion-10 emotion-11"
        >
          €1458,96 
          <span>
            per month
          </span>
        </td>
        <td
          class="emotion-12 emotion-13"
        >
          <button
            class="emotion-14 emotion-15 emotion-16"
            type="button"
          >
            Edit
          </button>
        </td>
      </tr>
      <tr
        class="emotion-4 emotion-5"
      >
        <td>
          <p
            class="emotion-6 emotion-7"
          >
            Beth Briereton
          </p>
          <span
            class="emotion-8 emotion-9"
          >
            01/10/1927
          </span>
        </td>
        <td>
          Actuary
        </td>
        <td>
          Pakistan
        </td>
        <td
          class="emotion-10 emotion-11"
        >
          €3035,36 
          <span>
            per month
          </span>
        </td>
        <td
          class="emotion-12 emotion-13"
        >
          <button
            class="emotion-14 emotion-15 emotion-16"
            type="button"
          >
            Edit
          </button>
        </td>
      </tr>
      <tr
        class="emotion-4 emotion-5"
      >
        <td>
          <p
            class="emotion-6 emotion-7"
          >
            Garfield Ten
          </p>
          <span
            class="emotion-8 emotion-9"
          >
            15/05/1926
          </span>
        </td>
        <td>
          Analog Circuit Design manager
        </td>
        <td>
          Indonesia
        </td>
        <td
          class="emotion-10 emotion-11"
        >
          €3046,85 
          <span>
            per month
          </span>
        </td>
        <td
          class="emotion-12 emotion-13"
        >
          <button
            class="emotion-14 emotion-15 emotion-16"
            type="button"
          >
            Edit
          </button>
        </td>
      </tr>
      <tr
        class="emotion-4 emotion-5"
      >
        <td>
          <p
            class="emotion-6 emotion-7"
          >
            Byrann Lippo
          </p>
          <span
            class="emotion-8 emotion-9"
          >
            27/12/1932
          </span>
        </td>
        <td>
          Marketing Assistant
        </td>
        <td>
          Croatia
        </td>
        <td
          class="emotion-10 emotion-11"
        >
          €3224,58 
          <span>
            per month
          </span>
        </td>
        <td
          class="emotion-12 emotion-13"
        >
          <button
            class="emotion-14 emotion-15 emotion-16"
            type="button"
          >
            Edit
          </button>
        </td>
      </tr>
      <tr
        class="emotion-4 emotion-5"
      >
        <td>
          <p
            class="emotion-6 emotion-7"
          >
            Shina Woosnam
          </p>
          <span
            class="emotion-8 emotion-9"
          >
            25/01/1934
          </span>
        </td>
        <td>
          Account Coordinator
        </td>
        <td>
          Peru
        </td>
        <td
          class="emotion-10 emotion-11"
        >
          €3262,01 
          <span>
            per month
          </span>
        </td>
        <td
          class="emotion-12 emotion-13"
        >
          <button
            class="emotion-14 emotion-15 emotion-16"
            type="button"
          >
            Edit
          </button>
        </td>
      </tr>
      <tr
        class="emotion-4 emotion-5"
      >
        <td>
          <p
            class="emotion-6 emotion-7"
          >
            Joann Iacovazzi
          </p>
          <span
            class="emotion-8 emotion-9"
          >
            27/04/1943
          </span>
        </td>
        <td>
          Geological Engineer
        </td>
        <td>
          Indonesia
        </td>
        <td
          class="emotion-10 emotion-11"
        >
          €3234,48 
          <span>
            per month
          </span>
        </td>
        <td
          class="emotion-12 emotion-13"
        >
          <button
            class="emotion-14 emotion-15 emotion-16"
            type="button"
          >
            Edit
          </button>
        </td>
      </tr>
      <tr
        class="emotion-4 emotion-5"
      >
        <td>
          <p
            class="emotion-6 emotion-7"
          >
            Elisabet De
          </p>
          <span
            class="emotion-8 emotion-9"
          >
            03/04/1941
          </span>
        </td>
        <td>
          Associate Professor
        </td>
        <td>
          Poland
        </td>
        <td
          class="emotion-10 emotion-11"
        >
          €2075,11 
          <span>
            per month
          </span>
        </td>
        <td
          class="emotion-12 emotion-13"
        >
          <button
            class="emotion-14 emotion-15 emotion-16"
            type="button"
          >
            Edit
          </button>
        </td>
      </tr>
      <tr
        class="emotion-4 emotion-5"
      >
        <td>
          <p
            class="emotion-6 emotion-7"
          >
            Kenny Attwoull
          </p>
          <span
            class="emotion-8 emotion-9"
          >
            16/02/1940
          </span>
        </td>
        <td>
          Geologist III
        </td>
        <td>
          China
        </td>
        <td
          class="emotion-10 emotion-11"
        >
          €4741,50 
          <span>
            per month
          </span>
        </td>
        <td
          class="emotion-12 emotion-13"
        >
          <button
            class="emotion-14 emotion-15 emotion-16"
            type="button"
          >
            Edit
          </button>
        </td>
      </tr>
      <tr
        class="emotion-4 emotion-5"
      >
        <td>
          <p
            class="emotion-6 emotion-7"
          >
            Ralf Mockett
          </p>
          <span
            class="emotion-8 emotion-9"
          >
            27/11/1948
          </span>
        </td>
        <td>
          Pharmacist
        </td>
        <td>
          China
        </td>
        <td
          class="emotion-10 emotion-11"
        >
          €1327,68 
          <span>
            per month
          </span>
        </td>
        <td
          class="emotion-12 emotion-13"
        >
          <button
            class="emotion-14 emotion-15 emotion-16"
            type="button"
          >
            Edit
          </button>
        </td>
      </tr>
      <tr
        class="emotion-4 emotion-5"
      >
        <td>
          <p
            class="emotion-6 emotion-7"
          >
            Gun Kittles
          </p>
          <span
            class="emotion-8 emotion-9"
          >
            05/03/1926
          </span>
        </td>
        <td>
          Director of Sales
        </td>
        <td>
          Portugal
        </td>
        <td
          class="emotion-10 emotion-11"
        >
          €4442,08 
          <span>
            per month
          </span>
        </td>
        <td
          class="emotion-12 emotion-13"
        >
          <button
            class="emotion-14 emotion-15 emotion-16"
            type="button"
          >
            Edit
          </button>
        </td>
      </tr>
      <tr
        class="emotion-4 emotion-5"
      >
        <td>
          <p
            class="emotion-6 emotion-7"
          >
            Viviene Ponde
          </p>
          <span
            class="emotion-8 emotion-9"
          >
            05/02/1929
          </span>
        </td>
        <td>
          Software Consultant
        </td>
        <td>
          Ukraine
        </td>
        <td
          class="emotion-10 emotion-11"
        >
          €2386,21 
          <span>
            per month
          </span>
        </td>
        <td
          class="emotion-12 emotion-13"
        >
          <button
            class="emotion-14 emotion-15 emotion-16"
            type="button"
          >
            Edit
          </button>
        </td>
      </tr>
      <tr
        class="emotion-4 emotion-5"
      >
        <td>
          <p
            class="emotion-6 emotion-7"
          >
            Audi Ashbrook
          </p>
          <span
            class="emotion-8 emotion-9"
          >
            23/02/1936
          </span>
        </td>
        <td>
          GIS Technical Architect
        </td>
        <td>
          Indonesia
        </td>
        <td
          class="emotion-10 emotion-11"
        >
          €3346,58 
          <span>
            per month
          </span>
        </td>
        <td
          class="emotion-12 emotion-13"
        >
          <button
            class="emotion-14 emotion-15 emotion-16"
            type="button"
          >
            Edit
          </button>
        </td>
      </tr>
      <tr
        class="emotion-4 emotion-5"
      >
        <td>
          <p
            class="emotion-6 emotion-7"
          >
            Durand Depport
          </p>
          <span
            class="emotion-8 emotion-9"
          >
            25/09/1927
          </span>
        </td>
        <td>
          Human Resources Assistant I
        </td>
        <td>
          Bulgaria
        </td>
        <td
          class="emotion-10 emotion-11"
        >
          €1518,80 
          <span>
            per month
          </span>
        </td>
        <td
          class="emotion-12 emotion-13"
        >
          <button
            class="emotion-14 emotion-15 emotion-16"
            type="button"
          >
            Edit
          </button>
        </td>
      </tr>
    </tbody>
  </table>
</DocumentFragment>
`;
